# Research Log — Assignment II Big Data Analytics (COMP8035041)

Proyek: prediksi risiko gempa bumi Indonesia pakai data USGS + BMKG.
Repo: https://github.com/antoniusbonnif/big-data-aol

## Status saat ini (per 10 Agustus 2026)

Kode dan pipeline **selesai dan tervalidasi**. Laporan Bab 1-6 sudah ditulis ulang
dan di-push (commit `229d7a9`). Yang tersisa: kamu buka `laporan/Assignment_II.docx`
di Word, cek tata letak tabel/gambar dan jumlah halaman (batas 40 halaman,
kemungkinan draf saat ini melebihi — Bab 1-3 kandidat dipadatkan kalau perlu).

## Alur kerja teknis

- Kode ditulis lokal (macOS, tidak ada Java) → divalidasi pakai sample data asli
  via `python3` script biasa (bukan jupyter, sesuai preferensi user) → push ke
  GitHub → user jalankan di Google Colab (Colab Pro, CPU High-RAM, tanpa GPU) →
  notebook auto-push hasil (parquet/json/csv/png) balik ke GitHub lewat
  `src/sync.py` → aku tarik dan verifikasi dari situ.
- Urutan wajib: 01_ingestion → 02_cleaning → 03_ml_sklearn → 04_ml_spark →
  05_graph_analytics, harus dalam satu runtime Colab yang sama (data/processed/
  tidak persist antar restart, sengaja tidak masuk git kecuali hasil akhir).
- `BASE_DIR` tiap notebook di-set eksplisit lewat `os.environ["BDA_BASE_DIR"]`,
  ada assert kalau salah path (root cause bug awal: `..` relatif ke CWD proses,
  bukan lokasi file notebook, meleset kalau dipanggil via `%run`).

## Bug besar yang ditemukan dan diperbaiki (urutan kronologis)

1. **BASE_DIR salah resolve** — notebook 04 gagal `FileNotFoundError` karena
   parquet dari 02 kesimpan di folder lain. Fix: semua notebook assert BASE_DIR
   punya `src/`, print BASE_DIR aktif untuk debug.
2. **Token GitHub bocor di chat** — user sempat paste PAT literal. Diarahkan pakai
   Colab Secrets (`GITHUB_TOKEN`), bukan hardcode. User diminta revoke token lama
   (status: belum dikonfirmasi user sudah revoke atau belum — perlu ditanya ulang
   kalau relevan).
3. **dtype object di gap/dmin/rms/nst** — gabungan USGS (float) + BMKG (None)
   lolos dari `fillna(median())` tanpa ubah dtype. sklearn toleran, Spark tidak.
   Fix: `pd.to_numeric(errors="coerce")` sebelum fillna di `src/cleaning.py`.
4. **Data leakage label v1** — `risk_label` dari `sig`, korelasi 0.95 dengan `mag`
   (yang dipakai sebagai fitur) → akurasi semu >99%.
5. **Data leakage label v2** — diganti ke statistik zona (event_count + shallow
   ratio) atas SELURUH periode. Masih bocor dua arah: (a) label jadi konstan
   per zona (430/430), sehingga classifier = geolocator — lat/lon saja capai
   akurasi 0.9946; (b) kebocoran temporal, statistik dihitung sebelum split
   train/test.
6. **Data leakage label v3 (final, dipakai di laporan)** — label dari jendela
   **90 hari KE DEPAN** (`future_event_count` + `future_max_mag`), threshold
   persentil 60/85 dihitung HANYA dari data train. Fitur tetap dari masa
   lalu/saat ini. 330 kejadian tanpa jendela penuh dikeluarkan
   (`has_full_horizon` flag). Hasil uji kebocoran: lat/lon-only turun ke 0.6809,
   metrik jaringan seismograf turun ke BAWAH baseline mayoritas (0.5785 vs
   0.5900) — bukti jalur kebocoran tertutup.
7. **Louvain community detection AttributeError di Colab** — `python-louvain`
   (`import community`) collide nama modul dengan paket lain, `best_partition`
   hilang. Fix: ganti ke `nx.community.louvain_communities` (built-in
   networkx>=2.8), buang dependency python-louvain sepenuhnya.
8. **Metrik sklearn vs Spark tidak setara** — Spark `MulticlassClassificationEvaluator`
   pakai skema WEIGHTED secara default (metricName="f1" = weighted F1), sempat
   disimpan ke kolom bernama `f1_macro` dan dibandingkan langsung ke macro
   sklearn → simpulan keliru "Spark unggul". Ketauan dari kejanggalan
   aritmetis: weighted recall Spark selalu == accuracy (sifat matematis).
   Fix: notebook 03 simpan macro DAN weighted, notebook 04 kasih nama kolom
   sesuai skemanya, isi None untuk metrik yang MLlib tidak sediakan (f1_macro,
   AUC OvR).
9. **Notebook 03 rusak akibat insert sel** — penyisipan sel uji kebocoran
   menggeser index, sel lama tanpa `id` field ketimpa (sel training yang
   define `fitted` ketimpa sel metrik, duplikat). Fix: pulihkan sel + kasih
   `id` unik ke semua sel biar edit selanjutnya alamat by identity bukan posisi.

## Hasil final (setelah semua fix, dari data uji 5.559 baris, split temporal
train<=2022 / test 2023-2026)

Uji kebocoran (Tabel 12 laporan):
- Baseline mayoritas: acc=0.5900 f1_macro=0.2474
- Hanya lat/lon: acc=0.6809 f1_macro=0.5341
- Hanya gap/dmin/rms/nst: acc=0.5785 f1_macro=0.3081 (di bawah baseline — sehat)
- Model penuh (12 fitur): acc=0.7179 f1_macro=0.6267

Evaluasi model (Tabel 15 laporan, skema WEIGHTED untuk perbandingan lintas
pustaka):
| Model | Akurasi | F1 Weighted | F1 Macro | AUC | Waktu |
|---|---|---|---|---|---|
| Logistic Regression | 0.6996 | 0.6612 | 0.5793 | 0.8009 | 0.30s |
| Random Forest (sklearn) | 0.7179 | 0.6999 | 0.6267 | 0.8274 | 4.65s |
| Gradient Boosting (sklearn) | 0.7026 | 0.6851 | 0.5978 | 0.8231 | 9.90s |
| Random Forest (Spark MLlib) | 0.7174 | 0.6987 | n/a | n/a | 284.99s |

Simpulan: sklearn RF dan Spark RF setara mutu (selisih F1 weighted 0.0012,
tidak bermakna), Spark 61x lebih lambat pada skala 19rb baris ini — overhead
JVM/serialisasi melampaui manfaat paralelisasi di skala kecil.

Pola penting: kelas "tinggi" presisi 0.86 tapi recall hanya 0.49 (RF) — model
konservatif, separuh zona berisiko tinggi tidak terdeteksi. Implikasi
operasional serius untuk mitigasi bencana, dibahas di Subbab 5.6.

## Graph analytics (Bab VI, tidak kena masalah leakage — hasil stabil dari awal)

- Graph A (spasial-temporal): 430 node, 998 edge, 79 komponen terhubung
  (terbesar 349 zona), 89 komunitas Louvain. Zona PageRank tertinggi: -7_129
  (Laut Banda selatan). Zona betweenness tertinggi: -4_122 (Selat Sunda,
  penghubung klaster Sumatra-Jawa) — insight: node PageRank tinggi punya
  betweenness NOL karena berada di klaster padat yang sudah saling terhubung
  langsung.
- Graph B (bipartite wilayah-karakteristik): 439 node, 3.451 edge. 11 dari 430
  wilayah punya multihazard_degree=9 (semua kategori hazard), termasuk
  -1_121, 1_126, -3_138, 2_126, 2_128 (sekitar Sulawesi/Maluku/Papua utara).

## Struktur repo

```
src/ingestion.py    — fetch USGS (chunked per tahun, retry backoff) + BMKG
src/cleaning.py      — 7 operasi: filter, transform, dedup, join, impute, bin, aggregate
src/features.py      — add_ml_features, add_risk_label (v3), temporal_split
src/graph_analytics.py — Graph A/B construction, centrality, Louvain, bipartite projection
src/sync.py           — auto commit+push hasil notebook ke GitHub dari Colab
notebooks/01-05       — ingestion, cleaning, ml sklearn, ml spark, graph
laporan/Assignment_II.docx — laporan lengkap Bab 1-6, dibangun pakai docx (npm)
                             lewat script sementara di scratchpad (tidak
                             disimpan permanen di repo — kalau perlu generate
                             ulang, script generator perlu ditulis lagi)
```

## Catatan proses/preferensi user (relevan untuk sesi lanjutan)

- User selalu minta validasi kode BENERAN JALAN sebelum push (bukan cuma cek
  syntax) — pakai python script biasa lokal dengan sample data asli, BUKAN
  jupyter/kernel (user pernah reject saat aku coba install jupyter).
- User pakai caveman mode terus-menerus di UI, tapi commit message & kode tetap
  ditulis normal/lengkap sesuai konvensi commit yang baik.
- User quality-conscious: sempat minta "cek lagi, apakah berbobot" dan
  menemukan sendiri bahwa harus dicek leakage — responsku waktu itu memang
  menemukan 2 layer leakage tersembunyi meski awalnya kelihatan sudah fix.
  Pelajaran: SELALU uji baseline sederhana (lat/lon only dsb) sebelum klaim
  label/fitur "sehat".
- Repo GitHub: antoniusbonnif/big-data-aol, auth via Colab Secrets
  (GITHUB_TOKEN), bukan token di kode.
- Skill dipakai: `docx` (bikin laporan), `indonesia-eyd-writing-skill` (EYD
  edisi V untuk penulisan laporan bahasa Indonesia).

## Belum selesai / next steps

1. User cek tata letak `laporan/Assignment_II.docx` di Word — tabel meluber?
   Jumlah halaman berapa vs batas 40?
2. Kalau lewat 40 halaman: padatkan Bab 1-3 (sudah tercakup nilai Assignment I,
   porsi Assignment II fokus ke Bab 4-6).
3. Deliverable Assignment II yang belum eksplisit dikerjakan: slide presentasi,
   video presentasi (max 10 menit), link dataset (repo GitHub sudah bisa jadi
   link source code yang dieksekusi).
4. Token GitHub lama yang sempat kepaste di chat — perlu dikonfirmasi user
   sudah revoke.
5. (Di luar scope BDA) User sempat tanya soal rightsizing GCP VM
   (n2/e2-standard-32 → turun ke e2-standard-8 disarankan, tunggu 7 hari data
   sar dulu sebelum eksekusi) — tidak terkait proyek ini, dicatat untuk
   kelengkapan riwayat saja.
